// Jest Snapshot v1, https://goo.gl/fbAQLP

exports[`Map component render 1`] = `
<div
  id="map"
  style={
    Object {
      "height": "849px",
      "width": "512px",
    }
  }
/>
`;
